// Vitest Snapshot v1, https://vitest.dev/guide/snapshot.html

exports[`main() > 应解析更改日志文件 1`] = `"{"title":"Changelog","description":"All notable changes to this project will be documented in this file.\\r\\n\\r\\nThe format is based on [Keep a Changelog](https://keepachangelog.com/en/1.1.0/),\\r\\nand this project adheres to [Semantic Versioning](https://semver.org/spec/v2.0.0.html).","versions":[{"version":null,"tag":"h2","title":"[Unreleased]","date":null,"body":"### Added\\r\\n\\r\\n- v1.1 Brazilian Portuguese translation.\\r\\n- v1.1 German Translation\\r\\n- v1.1 Spanish translation.\\r\\n- v1.1 Italian translation.\\r\\n- v1.1 Polish translation.\\r\\n- v1.1 Ukrainian translation.\\r\\n\\r\\n### Changed\\r\\n\\r\\n- Use frontmatter title & description in each language version template\\r\\n- Replace broken OpenGraph image with an appropriately-sized Keep a Changelog\\r\\n  image that will render properly (although in English for all languages)\\r\\n- Fix OpenGraph title & description for all languages so the title and\\r\\n  description when links are shared are language-appropriate\\r\\n\\r\\n### Removed\\r\\n\\r\\n- Trademark sign previously shown after the project description in version\\r\\n  0.3.0","parsed":{"_":["- v1.1 Brazilian Portuguese translation.","- v1.1 German Translation","- v1.1 Spanish translation.","- v1.1 Italian translation.","- v1.1 Polish translation.","- v1.1 Ukrainian translation.","- Use frontmatter title & description in each language version template","- Replace broken OpenGraph image with an appropriately-sized Keep a Changelog\\r\\n  image that will render properly (although in English for all languages)","- Fix OpenGraph title & description for all languages so the title and\\r\\n  description when links are shared are language-appropriate","- Trademark sign previously shown after the project description in version\\r\\n  0.3.0"],"Added":["- v1.1 Brazilian Portuguese translation.","- v1.1 German Translation","- v1.1 Spanish translation.","- v1.1 Italian translation.","- v1.1 Polish translation.","- v1.1 Ukrainian translation."],"Changed":["- Use frontmatter title & description in each language version template","- Replace broken OpenGraph image with an appropriately-sized Keep a Changelog\\r\\n  image that will render properly (although in English for all languages)","- Fix OpenGraph title & description for all languages so the title and\\r\\n  description when links are shared are language-appropriate"],"Removed":["- Trademark sign previously shown after the project description in version\\r\\n  0.3.0"]}},{"version":"1.1.1","tag":"h2","title":"[1.1.1] - 2023-03-05","date":"2023-03-05","body":"### Added\\r\\n\\r\\n- Arabic translation (#444).\\r\\n- v1.1 French translation.\\r\\n- v1.1 Dutch translation (#371).\\r\\n- v1.1 Russian translation (#410).\\r\\n- v1.1 Japanese translation (#363).\\r\\n- v1.1 Norwegian Bokmål translation (#383).\\r\\n- v1.1 \\"Inconsistent Changes\\" Turkish translation (#347).\\r\\n- Default to most recent versions available for each languages.\\r\\n- Display count of available translations (26 to date!).\\r\\n- Centralize all links into \`/data/links.json\` so they can be updated easily.\\r\\n\\r\\n### Fixed\\r\\n\\r\\n- Improve French translation (#377).\\r\\n- Improve id-ID translation (#416).\\r\\n- Improve Persian translation (#457).\\r\\n- Improve Russian translation (#408).\\r\\n- Improve Swedish title (#419).\\r\\n- Improve zh-CN translation (#359).\\r\\n- Improve French translation (#357).\\r\\n- Improve zh-TW translation (#360, #355).\\r\\n- Improve Spanish (es-ES) transltion (#362).\\r\\n- Foldout menu in Dutch translation (#371).\\r\\n- Missing periods at the end of each change (#451).\\r\\n- Fix missing logo in 1.1 pages.\\r\\n- Display notice when translation isn't for most recent version.\\r\\n- Various broken links, page versions, and indentations.\\r\\n\\r\\n### Changed\\r\\n\\r\\n- Upgrade dependencies: Ruby 3.2.1, Middleman, etc.\\r\\n\\r\\n### Removed\\r\\n\\r\\n- Unused normalize.css file.\\r\\n- Identical links assigned in each translation file.\\r\\n- Duplicate index file for the english version.","parsed":{"_":["- Arabic translation (#444).","- v1.1 French translation.","- v1.1 Dutch translation (#371).","- v1.1 Russian translation (#410).","- v1.1 Japanese translation (#363).","- v1.1 Norwegian Bokmål translation (#383).","- v1.1 \\"Inconsistent Changes\\" Turkish translation (#347).","- Default to most recent versions available for each languages.","- Display count of available translations (26 to date!).","- Centralize all links into \`/data/links.json\` so they can be updated easily.","- Improve French translation (#377).","- Improve id-ID translation (#416).","- Improve Persian translation (#457).","- Improve Russian translation (#408).","- Improve Swedish title (#419).","- Improve zh-CN translation (#359).","- Improve French translation (#357).","- Improve zh-TW translation (#360, #355).","- Improve Spanish (es-ES) transltion (#362).","- Foldout menu in Dutch translation (#371).","- Missing periods at the end of each change (#451).","- Fix missing logo in 1.1 pages.","- Display notice when translation isn't for most recent version.","- Various broken links, page versions, and indentations.","- Upgrade dependencies: Ruby 3.2.1, Middleman, etc.","- Unused normalize.css file.","- Identical links assigned in each translation file.","- Duplicate index file for the english version."],"Added":["- Arabic translation (#444).","- v1.1 French translation.","- v1.1 Dutch translation (#371).","- v1.1 Russian translation (#410).","- v1.1 Japanese translation (#363).","- v1.1 Norwegian Bokmål translation (#383).","- v1.1 \\"Inconsistent Changes\\" Turkish translation (#347).","- Default to most recent versions available for each languages.","- Display count of available translations (26 to date!).","- Centralize all links into \`/data/links.json\` so they can be updated easily."],"Fixed":["- Improve French translation (#377).","- Improve id-ID translation (#416).","- Improve Persian translation (#457).","- Improve Russian translation (#408).","- Improve Swedish title (#419).","- Improve zh-CN translation (#359).","- Improve French translation (#357).","- Improve zh-TW translation (#360, #355).","- Improve Spanish (es-ES) transltion (#362).","- Foldout menu in Dutch translation (#371).","- Missing periods at the end of each change (#451).","- Fix missing logo in 1.1 pages.","- Display notice when translation isn't for most recent version.","- Various broken links, page versions, and indentations."],"Changed":["- Upgrade dependencies: Ruby 3.2.1, Middleman, etc."],"Removed":["- Unused normalize.css file.","- Identical links assigned in each translation file.","- Duplicate index file for the english version."]}},{"version":"1.1.0","tag":"h2","title":"[1.1.0] - 2019-02-15","date":"2019-02-15","body":"### Added\\r\\n\\r\\n- Danish translation (#297).\\r\\n- Georgian translation from (#337).\\r\\n- Changelog inconsistency section in Bad Practices.\\r\\n\\r\\n### Fixed\\r\\n\\r\\n- Italian translation (#332).\\r\\n- Indonesian translation (#336).","parsed":{"_":["- Danish translation (#297).","- Georgian translation from (#337).","- Changelog inconsistency section in Bad Practices.","- Italian translation (#332).","- Indonesian translation (#336)."],"Added":["- Danish translation (#297).","- Georgian translation from (#337).","- Changelog inconsistency section in Bad Practices."],"Fixed":["- Italian translation (#332).","- Indonesian translation (#336)."]}},{"version":"1.0.0","tag":"h2","title":"[1.0.0] - 2017-06-20","date":"2017-06-20","body":"### Added\\r\\n\\r\\n- New visual identity by [@tylerfortune8](https://github.com/tylerfortune8).\\r\\n- Version navigation.\\r\\n- Links to latest released version in previous versions.\\r\\n- \\"Why keep a changelog?\\" section.\\r\\n- \\"Who needs a changelog?\\" section.\\r\\n- \\"How do I make a changelog?\\" section.\\r\\n- \\"Frequently Asked Questions\\" section.\\r\\n- New \\"Guiding Principles\\" sub-section to \\"How do I make a changelog?\\".\\r\\n- Simplified and Traditional Chinese translations from [@tianshuo](https://github.com/tianshuo).\\r\\n- German translation from [@mpbzh](https://github.com/mpbzh) & [@Art4](https://github.com/Art4).\\r\\n- Italian translation from [@azkidenz](https://github.com/azkidenz).\\r\\n- Swedish translation from [@magol](https://github.com/magol).\\r\\n- Turkish translation from [@emreerkan](https://github.com/emreerkan).\\r\\n- French translation from [@zapashcanon](https://github.com/zapashcanon).\\r\\n- Brazilian Portuguese translation from [@Webysther](https://github.com/Webysther).\\r\\n- Polish translation from [@amielucha](https://github.com/amielucha) & [@m-aciek](https://github.com/m-aciek).\\r\\n- Russian translation from [@aishek](https://github.com/aishek).\\r\\n- Czech translation from [@h4vry](https://github.com/h4vry).\\r\\n- Slovak translation from [@jkostolansky](https://github.com/jkostolansky).\\r\\n- Korean translation from [@pierceh89](https://github.com/pierceh89).\\r\\n- Croatian translation from [@porx](https://github.com/porx).\\r\\n- Persian translation from [@Hameds](https://github.com/Hameds).\\r\\n- Ukrainian translation from [@osadchyi-s](https://github.com/osadchyi-s).\\r\\n\\r\\n### Changed\\r\\n\\r\\n- Start using \\"changelog\\" over \\"change log\\" since it's the common usage.\\r\\n- Start versioning based on the current English version at 0.3.0 to help\\r\\n  translation authors keep things up-to-date.\\r\\n- Rewrite \\"What makes unicorns cry?\\" section.\\r\\n- Rewrite \\"Ignoring Deprecations\\" sub-section to clarify the ideal\\r\\n  scenario.\\r\\n- Improve \\"Commit log diffs\\" sub-section to further argument against\\r\\n  them.\\r\\n- Merge \\"Why can’t people just use a git log diff?\\" with \\"Commit log\\r\\n  diffs\\".\\r\\n- Fix typos in Simplified Chinese and Traditional Chinese translations.\\r\\n- Fix typos in Brazilian Portuguese translation.\\r\\n- Fix typos in Turkish translation.\\r\\n- Fix typos in Czech translation.\\r\\n- Fix typos in Swedish translation.\\r\\n- Improve phrasing in French translation.\\r\\n- Fix phrasing and spelling in German translation.\\r\\n\\r\\n### Removed\\r\\n\\r\\n- Section about \\"changelog\\" vs \\"CHANGELOG\\".","parsed":{"_":["- New visual identity by [@tylerfortune8](https://github.com/tylerfortune8).","- Version navigation.","- Links to latest released version in previous versions.","- \\"Why keep a changelog?\\" section.","- \\"Who needs a changelog?\\" section.","- \\"How do I make a changelog?\\" section.","- \\"Frequently Asked Questions\\" section.","- New \\"Guiding Principles\\" sub-section to \\"How do I make a changelog?\\".","- Simplified and Traditional Chinese translations from [@tianshuo](https://github.com/tianshuo).","- German translation from [@mpbzh](https://github.com/mpbzh) & [@Art4](https://github.com/Art4).","- Italian translation from [@azkidenz](https://github.com/azkidenz).","- Swedish translation from [@magol](https://github.com/magol).","- Turkish translation from [@emreerkan](https://github.com/emreerkan).","- French translation from [@zapashcanon](https://github.com/zapashcanon).","- Brazilian Portuguese translation from [@Webysther](https://github.com/Webysther).","- Polish translation from [@amielucha](https://github.com/amielucha) & [@m-aciek](https://github.com/m-aciek).","- Russian translation from [@aishek](https://github.com/aishek).","- Czech translation from [@h4vry](https://github.com/h4vry).","- Slovak translation from [@jkostolansky](https://github.com/jkostolansky).","- Korean translation from [@pierceh89](https://github.com/pierceh89).","- Croatian translation from [@porx](https://github.com/porx).","- Persian translation from [@Hameds](https://github.com/Hameds).","- Ukrainian translation from [@osadchyi-s](https://github.com/osadchyi-s).","- Start using \\"changelog\\" over \\"change log\\" since it's the common usage.","- Start versioning based on the current English version at 0.3.0 to help\\r\\n  translation authors keep things up-to-date.","- Rewrite \\"What makes unicorns cry?\\" section.","- Rewrite \\"Ignoring Deprecations\\" sub-section to clarify the ideal\\r\\n  scenario.","- Improve \\"Commit log diffs\\" sub-section to further argument against\\r\\n  them.","- Merge \\"Why can’t people just use a git log diff?\\" with \\"Commit log\\r\\n  diffs\\".","- Fix typos in Simplified Chinese and Traditional Chinese translations.","- Fix typos in Brazilian Portuguese translation.","- Fix typos in Turkish translation.","- Fix typos in Czech translation.","- Fix typos in Swedish translation.","- Improve phrasing in French translation.","- Fix phrasing and spelling in German translation.","- Section about \\"changelog\\" vs \\"CHANGELOG\\"."],"Added":["- New visual identity by [@tylerfortune8](https://github.com/tylerfortune8).","- Version navigation.","- Links to latest released version in previous versions.","- \\"Why keep a changelog?\\" section.","- \\"Who needs a changelog?\\" section.","- \\"How do I make a changelog?\\" section.","- \\"Frequently Asked Questions\\" section.","- New \\"Guiding Principles\\" sub-section to \\"How do I make a changelog?\\".","- Simplified and Traditional Chinese translations from [@tianshuo](https://github.com/tianshuo).","- German translation from [@mpbzh](https://github.com/mpbzh) & [@Art4](https://github.com/Art4).","- Italian translation from [@azkidenz](https://github.com/azkidenz).","- Swedish translation from [@magol](https://github.com/magol).","- Turkish translation from [@emreerkan](https://github.com/emreerkan).","- French translation from [@zapashcanon](https://github.com/zapashcanon).","- Brazilian Portuguese translation from [@Webysther](https://github.com/Webysther).","- Polish translation from [@amielucha](https://github.com/amielucha) & [@m-aciek](https://github.com/m-aciek).","- Russian translation from [@aishek](https://github.com/aishek).","- Czech translation from [@h4vry](https://github.com/h4vry).","- Slovak translation from [@jkostolansky](https://github.com/jkostolansky).","- Korean translation from [@pierceh89](https://github.com/pierceh89).","- Croatian translation from [@porx](https://github.com/porx).","- Persian translation from [@Hameds](https://github.com/Hameds).","- Ukrainian translation from [@osadchyi-s](https://github.com/osadchyi-s)."],"Changed":["- Start using \\"changelog\\" over \\"change log\\" since it's the common usage.","- Start versioning based on the current English version at 0.3.0 to help\\r\\n  translation authors keep things up-to-date.","- Rewrite \\"What makes unicorns cry?\\" section.","- Rewrite \\"Ignoring Deprecations\\" sub-section to clarify the ideal\\r\\n  scenario.","- Improve \\"Commit log diffs\\" sub-section to further argument against\\r\\n  them.","- Merge \\"Why can’t people just use a git log diff?\\" with \\"Commit log\\r\\n  diffs\\".","- Fix typos in Simplified Chinese and Traditional Chinese translations.","- Fix typos in Brazilian Portuguese translation.","- Fix typos in Turkish translation.","- Fix typos in Czech translation.","- Fix typos in Swedish translation.","- Improve phrasing in French translation.","- Fix phrasing and spelling in German translation."],"Removed":["- Section about \\"changelog\\" vs \\"CHANGELOG\\"."]}},{"version":"0.3.0","tag":"h2","title":"[0.3.0] - 2015-12-03","date":"2015-12-03","body":"### Added\\r\\n\\r\\n- RU translation from [@aishek](https://github.com/aishek).\\r\\n- pt-BR translation from [@tallesl](https://github.com/tallesl).\\r\\n- es-ES translation from [@ZeliosAriex](https://github.com/ZeliosAriex).","parsed":{"_":["- RU translation from [@aishek](https://github.com/aishek).","- pt-BR translation from [@tallesl](https://github.com/tallesl).","- es-ES translation from [@ZeliosAriex](https://github.com/ZeliosAriex)."],"Added":["- RU translation from [@aishek](https://github.com/aishek).","- pt-BR translation from [@tallesl](https://github.com/tallesl).","- es-ES translation from [@ZeliosAriex](https://github.com/ZeliosAriex)."]}},{"version":"0.2.0","tag":"h2","title":"[0.2.0] - 2015-10-06","date":"2015-10-06","body":"### Changed\\r\\n\\r\\n- Remove exclusionary mentions of \\"open source\\" since this project can\\r\\n  benefit both \\"open\\" and \\"closed\\" source projects equally.","parsed":{"_":["- Remove exclusionary mentions of \\"open source\\" since this project can\\r\\n  benefit both \\"open\\" and \\"closed\\" source projects equally."],"Changed":["- Remove exclusionary mentions of \\"open source\\" since this project can\\r\\n  benefit both \\"open\\" and \\"closed\\" source projects equally."]}},{"version":"0.1.0","tag":"h2","title":"[0.1.0] - 2015-10-06","date":"2015-10-06","body":"### Added\\r\\n\\r\\n- Answer \\"Should you ever rewrite a change log?\\".\\r\\n\\r\\n### Changed\\r\\n\\r\\n- Improve argument against commit logs.\\r\\n- Start following [SemVer](https://semver.org) properly.","parsed":{"_":["- Answer \\"Should you ever rewrite a change log?\\".","- Improve argument against commit logs.","- Start following [SemVer](https://semver.org) properly."],"Added":["- Answer \\"Should you ever rewrite a change log?\\"."],"Changed":["- Improve argument against commit logs.","- Start following [SemVer](https://semver.org) properly."]}},{"version":"0.0.8","tag":"h2","title":"[0.0.8] - 2015-02-17","date":"2015-02-17","body":"### Changed\\r\\n\\r\\n- Update year to match in every README example.\\r\\n- Reluctantly stop making fun of Brits only, since most of the world\\r\\n  writes dates in a strange way.\\r\\n\\r\\n### Fixed\\r\\n\\r\\n- Fix typos in recent README changes.\\r\\n- Update outdated unreleased diff link.","parsed":{"_":["- Update year to match in every README example.","- Reluctantly stop making fun of Brits only, since most of the world\\r\\n  writes dates in a strange way.","- Fix typos in recent README changes.","- Update outdated unreleased diff link."],"Changed":["- Update year to match in every README example.","- Reluctantly stop making fun of Brits only, since most of the world\\r\\n  writes dates in a strange way."],"Fixed":["- Fix typos in recent README changes.","- Update outdated unreleased diff link."]}},{"version":"0.0.7","tag":"h2","title":"[0.0.7] - 2015-02-16","date":"2015-02-16","body":"### Added\\r\\n\\r\\n- Link, and make it obvious that date format is ISO 8601.\\r\\n\\r\\n### Changed\\r\\n\\r\\n- Clarified the section on \\"Is there a standard change log format?\\".\\r\\n\\r\\n### Fixed\\r\\n\\r\\n- Fix Markdown links to tag comparison URL with footnote-style links.","parsed":{"_":["- Link, and make it obvious that date format is ISO 8601.","- Clarified the section on \\"Is there a standard change log format?\\".","- Fix Markdown links to tag comparison URL with footnote-style links."],"Added":["- Link, and make it obvious that date format is ISO 8601."],"Changed":["- Clarified the section on \\"Is there a standard change log format?\\"."],"Fixed":["- Fix Markdown links to tag comparison URL with footnote-style links."]}},{"version":"0.0.6","tag":"h2","title":"[0.0.6] - 2014-12-12","date":"2014-12-12","body":"### Added\\r\\n\\r\\n- README section on \\"yanked\\" releases.","parsed":{"_":["- README section on \\"yanked\\" releases."],"Added":["- README section on \\"yanked\\" releases."]}},{"version":"0.0.5","tag":"h2","title":"[0.0.5] - 2014-08-09","date":"2014-08-09","body":"### Added\\r\\n\\r\\n- Markdown links to version tags on release headings.\\r\\n- Unreleased section to gather unreleased changes and encourage note\\r\\n  keeping prior to releases.","parsed":{"_":["- Markdown links to version tags on release headings.","- Unreleased section to gather unreleased changes and encourage note\\r\\n  keeping prior to releases."],"Added":["- Markdown links to version tags on release headings.","- Unreleased section to gather unreleased changes and encourage note\\r\\n  keeping prior to releases."]}},{"version":"0.0.4","tag":"h2","title":"[0.0.4] - 2014-08-09","date":"2014-08-09","body":"### Added\\r\\n\\r\\n- Better explanation of the difference between the file (\\"CHANGELOG\\")\\r\\n  and its function \\"the change log\\".\\r\\n\\r\\n### Changed\\r\\n\\r\\n- Refer to a \\"change log\\" instead of a \\"CHANGELOG\\" throughout the site\\r\\n  to differentiate between the file and the purpose of the file — the\\r\\n  logging of changes.\\r\\n\\r\\n### Removed\\r\\n\\r\\n- Remove empty sections from CHANGELOG, they occupy too much space and\\r\\n  create too much noise in the file. People will have to assume that the\\r\\n  missing sections were intentionally left out because they contained no\\r\\n  notable changes.","parsed":{"_":["- Better explanation of the difference between the file (\\"CHANGELOG\\")\\r\\n  and its function \\"the change log\\".","- Refer to a \\"change log\\" instead of a \\"CHANGELOG\\" throughout the site\\r\\n  to differentiate between the file and the purpose of the file — the\\r\\n  logging of changes.","- Remove empty sections from CHANGELOG, they occupy too much space and\\r\\n  create too much noise in the file. People will have to assume that the\\r\\n  missing sections were intentionally left out because they contained no\\r\\n  notable changes."],"Added":["- Better explanation of the difference between the file (\\"CHANGELOG\\")\\r\\n  and its function \\"the change log\\"."],"Changed":["- Refer to a \\"change log\\" instead of a \\"CHANGELOG\\" throughout the site\\r\\n  to differentiate between the file and the purpose of the file — the\\r\\n  logging of changes."],"Removed":["- Remove empty sections from CHANGELOG, they occupy too much space and\\r\\n  create too much noise in the file. People will have to assume that the\\r\\n  missing sections were intentionally left out because they contained no\\r\\n  notable changes."]}},{"version":"0.0.3","tag":"h2","title":"[0.0.3] - 2014-08-09","date":"2014-08-09","body":"### Added\\r\\n\\r\\n- \\"Why should I care?\\" section mentioning The Changelog podcast.","parsed":{"_":["- \\"Why should I care?\\" section mentioning The Changelog podcast."],"Added":["- \\"Why should I care?\\" section mentioning The Changelog podcast."]}},{"version":"0.0.2","tag":"h2","title":"[0.0.2] - 2014-07-10","date":"2014-07-10","body":"### Added\\r\\n\\r\\n- Explanation of the recommended reverse chronological release ordering.","parsed":{"_":["- Explanation of the recommended reverse chronological release ordering."],"Added":["- Explanation of the recommended reverse chronological release ordering."]}},{"version":"0.0.1","tag":"h2","title":"[0.0.1] - 2014-05-31","date":"2014-05-31","body":"### Added\\r\\n\\r\\n- This CHANGELOG file to hopefully serve as an evolving example of a\\r\\n  standardized open source project CHANGELOG.\\r\\n- CNAME file to enable GitHub Pages custom domain.\\r\\n- README now contains answers to common questions about CHANGELOGs.\\r\\n- Good examples and basic guidelines, including proper date formatting.\\r\\n- Counter-examples: \\"What makes unicorns cry?\\".","parsed":{"_":["- This CHANGELOG file to hopefully serve as an evolving example of a\\r\\n  standardized open source project CHANGELOG.","- CNAME file to enable GitHub Pages custom domain.","- README now contains answers to common questions about CHANGELOGs.","- Good examples and basic guidelines, including proper date formatting.","- Counter-examples: \\"What makes unicorns cry?\\"."],"Added":["- This CHANGELOG file to hopefully serve as an evolving example of a\\r\\n  standardized open source project CHANGELOG.","- CNAME file to enable GitHub Pages custom domain.","- README now contains answers to common questions about CHANGELOGs.","- Good examples and basic guidelines, including proper date formatting.","- Counter-examples: \\"What makes unicorns cry?\\"."]}}]}"`;

exports[`main() > 当 latest = true 且 withTitle = true 时，应拼接标题与内容 1`] = `""[Unreleased]\\r\\n\\r\\n### Added\\r\\n\\r\\n- v1.1 Brazilian Portuguese translation.\\r\\n- v1.1 German Translation\\r\\n- v1.1 Spanish translation.\\r\\n- v1.1 Italian translation.\\r\\n- v1.1 Polish translation.\\r\\n- v1.1 Ukrainian translation.\\r\\n\\r\\n### Changed\\r\\n\\r\\n- Use frontmatter title & description in each language version template\\r\\n- Replace broken OpenGraph image with an appropriately-sized Keep a Changelog\\r\\n  image that will render properly (although in English for all languages)\\r\\n- Fix OpenGraph title & description for all languages so the title and\\r\\n  description when links are shared are language-appropriate\\r\\n\\r\\n### Removed\\r\\n\\r\\n- Trademark sign previously shown after the project description in version\\r\\n  0.3.0""`;

exports[`main() > 当 tag 为 h1 时，使用单个 # 前缀 1`] = `""# [1.6.0](https://github.com/vuejs/vitepress/compare/v1.5.0...v1.6.0) (2025-01-20)\\r\\n\\r\\n### Bug Fixes\\r\\n\\r\\n- **build:** out of order css in prod builds ([241d17d](https://github.com/vuejs/vitepress/commit/241d17d9839f06b17c3898b1a8ba0f9fa12da0d1)), closes [#4098](https://github.com/vuejs/vitepress/issues/4098)\\r\\n- **build:** properly strip vpi-social css declaration in debug mode ([c61182a](https://github.com/vuejs/vitepress/commit/c61182ab278350699b5d50461788478a340790aa))\\r\\n- **build:** respect \`vite.clearScreen\` in build ([8ea776a](https://github.com/vuejs/vitepress/commit/8ea776addc2c3bcabf3c707a9a81d6e0080a8fcb)), closes [#4468](https://github.com/vuejs/vitepress/issues/4468)\\r\\n- **build:** specify mode for iconify ([8a5e8ea](https://github.com/vuejs/vitepress/commit/8a5e8ea4f5b7cba0a6c909d8949f0c20426104a6))\\r\\n- **theme:** apply \`externalLinkIcon\` option on \`VPHome\` ([#4492](https://github.com/vuejs/vitepress/issues/4492)) ([fe48943](https://github.com/vuejs/vitepress/commit/fe48943640895d859811b81f86d78c3e510dbe54))\\r\\n- **theme:** don't show external link icon for images ([096bba1](https://github.com/vuejs/vitepress/commit/096bba19fb61c4b2f8f527046b4b0fe2e91c6bd6))\\r\\n- **theme:** ignore footnote-ref for outline ([1832617](https://github.com/vuejs/vitepress/commit/183261753b04c2c96ddb8c10e520c748c6d3e613)), closes [#4402](https://github.com/vuejs/vitepress/issues/4402)\\r\\n- **theme:** includes text to h1 tag for hero page ([#4472](https://github.com/vuejs/vitepress/issues/4472)) ([bd896c6](https://github.com/vuejs/vitepress/commit/bd896c638f8046f6546b5b32e8f98f3707aa8d05)), closes [#4453](https://github.com/vuejs/vitepress/issues/4453)\\r\\n\\r\\n### Features\\r\\n\\r\\n- **build:** export normalize function from shared chunk ([616f63f](https://github.com/vuejs/vitepress/commit/616f63f5f08a57347f2800e2d147d5bcd1cd072d)), closes [#4401](https://github.com/vuejs/vitepress/issues/4401)\\r\\n- **theme:** allow customizing skip to content label ([ff254dc](https://github.com/vuejs/vitepress/commit/ff254dcbe6f2bcc89c34d2d2f4050229dc094400)), closes [#4288](https://github.com/vuejs/vitepress/issues/4288)\\r\\n- **theme:** export VPNavBarSearch ([23522ab](https://github.com/vuejs/vitepress/commit/23522ab83ff33802d382fa066578dd87eb06789d)), closes [#4476](https://github.com/vuejs/vitepress/issues/4476)\\r\\n- **theme:** export VPFeatures ([#4356](https://github.com/vuejs/vitepress/issues/4356)) ([6442e17](https://github.com/vuejs/vitepress/commit/6442e174838aec9668325bb1199419908e7dd728))\\r\\n\\r\\n### Miscellaneous\\r\\n\\r\\n- **build:** shiki transformers now use v3 [matching algorithm](https://shiki.style/packages/transformers#matching-algorithm) ([373f9b9](https://github.com/vuejs/vitepress/commit/373f9b933ee44f33a15ebdcfcb6db6dfac52f739))""`;

exports[`main() > 当latest=true时，应返回最新版本 1`] = `""### Added\\r\\n\\r\\n- v1.1 Brazilian Portuguese translation.\\r\\n- v1.1 German Translation\\r\\n- v1.1 Spanish translation.\\r\\n- v1.1 Italian translation.\\r\\n- v1.1 Polish translation.\\r\\n- v1.1 Ukrainian translation.\\r\\n\\r\\n### Changed\\r\\n\\r\\n- Use frontmatter title & description in each language version template\\r\\n- Replace broken OpenGraph image with an appropriately-sized Keep a Changelog\\r\\n  image that will render properly (although in English for all languages)\\r\\n- Fix OpenGraph title & description for all languages so the title and\\r\\n  description when links are shared are language-appropriate\\r\\n\\r\\n### Removed\\r\\n\\r\\n- Trademark sign previously shown after the project description in version\\r\\n  0.3.0""`;

exports[`main() > 返回指定的版本 1`] = `""### Added\\r\\n\\r\\n- New visual identity by [@tylerfortune8](https://github.com/tylerfortune8).\\r\\n- Version navigation.\\r\\n- Links to latest released version in previous versions.\\r\\n- \\"Why keep a changelog?\\" section.\\r\\n- \\"Who needs a changelog?\\" section.\\r\\n- \\"How do I make a changelog?\\" section.\\r\\n- \\"Frequently Asked Questions\\" section.\\r\\n- New \\"Guiding Principles\\" sub-section to \\"How do I make a changelog?\\".\\r\\n- Simplified and Traditional Chinese translations from [@tianshuo](https://github.com/tianshuo).\\r\\n- German translation from [@mpbzh](https://github.com/mpbzh) & [@Art4](https://github.com/Art4).\\r\\n- Italian translation from [@azkidenz](https://github.com/azkidenz).\\r\\n- Swedish translation from [@magol](https://github.com/magol).\\r\\n- Turkish translation from [@emreerkan](https://github.com/emreerkan).\\r\\n- French translation from [@zapashcanon](https://github.com/zapashcanon).\\r\\n- Brazilian Portuguese translation from [@Webysther](https://github.com/Webysther).\\r\\n- Polish translation from [@amielucha](https://github.com/amielucha) & [@m-aciek](https://github.com/m-aciek).\\r\\n- Russian translation from [@aishek](https://github.com/aishek).\\r\\n- Czech translation from [@h4vry](https://github.com/h4vry).\\r\\n- Slovak translation from [@jkostolansky](https://github.com/jkostolansky).\\r\\n- Korean translation from [@pierceh89](https://github.com/pierceh89).\\r\\n- Croatian translation from [@porx](https://github.com/porx).\\r\\n- Persian translation from [@Hameds](https://github.com/Hameds).\\r\\n- Ukrainian translation from [@osadchyi-s](https://github.com/osadchyi-s).\\r\\n\\r\\n### Changed\\r\\n\\r\\n- Start using \\"changelog\\" over \\"change log\\" since it's the common usage.\\r\\n- Start versioning based on the current English version at 0.3.0 to help\\r\\n  translation authors keep things up-to-date.\\r\\n- Rewrite \\"What makes unicorns cry?\\" section.\\r\\n- Rewrite \\"Ignoring Deprecations\\" sub-section to clarify the ideal\\r\\n  scenario.\\r\\n- Improve \\"Commit log diffs\\" sub-section to further argument against\\r\\n  them.\\r\\n- Merge \\"Why can’t people just use a git log diff?\\" with \\"Commit log\\r\\n  diffs\\".\\r\\n- Fix typos in Simplified Chinese and Traditional Chinese translations.\\r\\n- Fix typos in Brazilian Portuguese translation.\\r\\n- Fix typos in Turkish translation.\\r\\n- Fix typos in Czech translation.\\r\\n- Fix typos in Swedish translation.\\r\\n- Improve phrasing in French translation.\\r\\n- Fix phrasing and spelling in German translation.\\r\\n\\r\\n### Removed\\r\\n\\r\\n- Section about \\"changelog\\" vs \\"CHANGELOG\\".""`;

exports[`main() > 返回指定的版本同时携带标题 1`] = `""## [1.0.0] - 2017-06-20\\r\\n\\r\\n### Added\\r\\n\\r\\n- New visual identity by [@tylerfortune8](https://github.com/tylerfortune8).\\r\\n- Version navigation.\\r\\n- Links to latest released version in previous versions.\\r\\n- \\"Why keep a changelog?\\" section.\\r\\n- \\"Who needs a changelog?\\" section.\\r\\n- \\"How do I make a changelog?\\" section.\\r\\n- \\"Frequently Asked Questions\\" section.\\r\\n- New \\"Guiding Principles\\" sub-section to \\"How do I make a changelog?\\".\\r\\n- Simplified and Traditional Chinese translations from [@tianshuo](https://github.com/tianshuo).\\r\\n- German translation from [@mpbzh](https://github.com/mpbzh) & [@Art4](https://github.com/Art4).\\r\\n- Italian translation from [@azkidenz](https://github.com/azkidenz).\\r\\n- Swedish translation from [@magol](https://github.com/magol).\\r\\n- Turkish translation from [@emreerkan](https://github.com/emreerkan).\\r\\n- French translation from [@zapashcanon](https://github.com/zapashcanon).\\r\\n- Brazilian Portuguese translation from [@Webysther](https://github.com/Webysther).\\r\\n- Polish translation from [@amielucha](https://github.com/amielucha) & [@m-aciek](https://github.com/m-aciek).\\r\\n- Russian translation from [@aishek](https://github.com/aishek).\\r\\n- Czech translation from [@h4vry](https://github.com/h4vry).\\r\\n- Slovak translation from [@jkostolansky](https://github.com/jkostolansky).\\r\\n- Korean translation from [@pierceh89](https://github.com/pierceh89).\\r\\n- Croatian translation from [@porx](https://github.com/porx).\\r\\n- Persian translation from [@Hameds](https://github.com/Hameds).\\r\\n- Ukrainian translation from [@osadchyi-s](https://github.com/osadchyi-s).\\r\\n\\r\\n### Changed\\r\\n\\r\\n- Start using \\"changelog\\" over \\"change log\\" since it's the common usage.\\r\\n- Start versioning based on the current English version at 0.3.0 to help\\r\\n  translation authors keep things up-to-date.\\r\\n- Rewrite \\"What makes unicorns cry?\\" section.\\r\\n- Rewrite \\"Ignoring Deprecations\\" sub-section to clarify the ideal\\r\\n  scenario.\\r\\n- Improve \\"Commit log diffs\\" sub-section to further argument against\\r\\n  them.\\r\\n- Merge \\"Why can’t people just use a git log diff?\\" with \\"Commit log\\r\\n  diffs\\".\\r\\n- Fix typos in Simplified Chinese and Traditional Chinese translations.\\r\\n- Fix typos in Brazilian Portuguese translation.\\r\\n- Fix typos in Turkish translation.\\r\\n- Fix typos in Czech translation.\\r\\n- Fix typos in Swedish translation.\\r\\n- Improve phrasing in French translation.\\r\\n- Fix phrasing and spelling in German translation.\\r\\n\\r\\n### Removed\\r\\n\\r\\n- Section about \\"changelog\\" vs \\"CHANGELOG\\".""`;
